Starting Division!
9.0
3.0
Starting Division!
9.0
3.0
Starting Division!
Starting Division!
10.0
10.0
5.0
5.0
123
123
123
123
123
123
123
123
123
123
123
123
123
123
123
123
123
